// Jest Snapshot v1, https://goo.gl/fbAQLP

exports[`Modal class modal to match snapshot 1`] = `
Modal {
  "loader": <div />,
  "modalBody": <div
    class="modal__body"
  />,
  "overlay": <div
    class="modal__overlay"
  >
    <div
      class="modal__body"
    />
  </div>,
}
`;

exports[`Modal class showLoader should match snapshot 1`] = `
<div
  class="modal__body"
>
  <div
    class="modal__loader"
  >
    <i
      class="fal fa-spinner-third fa-spin"
    />
  </div>
</div>
`;
